"""
This is a test file for task 0-add_integer
"""

>>> add_integer = __import__('0-add_integer').add_integer
>>> add_integer(3, 5)
8
>>> add_integer(-2, 5)
3
>>> add_integer(3.0, 3.2)
6
>>> add_integer(3.2, 1)
4
>>> add_integer(0)
98
>>> add_integer(2)
100
>>> add_integer(-2, -2)
-4
>>> add_integer(-2)
96

"""Execeptions"""

"""when a is a string"""
>>> add_integer("ven", 5)
Traceback (most recent call last):
	...
TypeError: a must be an integer


"""when b is a string"""
>>> add_integer(2, "welcome")
Traceback (most recent call last):
	...
TypeError: b must be an integer


"""passing a list[]"""
>>> add_integer([1,'A'], 3)
Traceback (most recent call last):
	...
TypeError: a must be an integer

>>> add_integer(NaN, b)
Traceback (most recent call last):
	...
TypeError: b must be an integer


"""pass in nothing"""
>>> add_integer(None)
Traceback (most recent call last):
	...
TypeError: a must be an integer


"""converting an infinite float to int"""
>>> add_integer(float('inf'), 2)
Traceback (most recent call last):
	...
OverflowError: cannot convert float infinity to integer
